Microsoft (R) Macro Assembler Version 5.00                  8/22/24 15:08:48
                                                             Page     1-1


				.model small 
 0000				.code 
 0000  B4 02			Mov AH,2      ; line 0,1 
 0002  2E: 8A 16 0010		Mov DL,cs:[16]; line 2,3,4,5,6 
 0007  CD 21			Int 33        ; line 7,8 
 0009  B4 4C			Mov AH,76     ; line 9,10 
 000B  CD 21			Int 33        ; line 11,12 
 000D  41 42 43 44 45 46 47	db 65,66,67,68,69,70,71,72,73,74,75,76,77 
       48 49 4A 4B 4C 4D	
 001A				End 
Microsoft (R) Macro Assembler Version 5.00                  8/22/24 15:08:48
                                                             Symbols-1


Segments and Groups:

                N a m e         	Length	 Align	Combine Class

DGROUP . . . . . . . . . . . . .  	GROUP
  _DATA  . . . . . . . . . . . .  	0000	WORD	PUBLIC	'DATA'
_TEXT  . . . . . . . . . . . . .  	001A	WORD	PUBLIC	'CODE'

Symbols:            

                N a m e         	Type	 Value	 Attr

@CODE  . . . . . . . . . . . . .  	TEXT  _TEXT		
@CODESIZE  . . . . . . . . . . .  	TEXT  0		
@DATASIZE  . . . . . . . . . . .  	TEXT  0		
@FILENAME  . . . . . . . . . . .  	TEXT  l4q4		


      9 Source  Lines
      9 Total   Lines
     13 Symbols

  51062 + 465482 Bytes symbol space free

      0 Warning Errors
      0 Severe  Errors
